﻿[90m[[90mnuxt:tailwindcss[90m][39m [36mi[39m Using default Tailwind CSS file
[36mi[39m Nuxt Icon server bundle mode is set to [36mlocal[39m
[32mÔêÜ[39m Nuxt Icon discovered local-installed 1 collections: heroicons
components/ContactSection.vue(88,38): error TS2339: Property 'kontakt' does not exist on type '{ vorname: string; nachname: string; consentPrivacy: boolean; consentContact: boolean; }'.
components/ContactSection.vue(94,39): error TS2339: Property 'leistung' does not exist on type '{ vorname: string; nachname: string; consentPrivacy: boolean; consentContact: boolean; }'.
components/ContactSection.vue(106,41): error TS2339: Property 'beschreibung' does not exist on type '{ vorname: string; nachname: string; consentPrivacy: boolean; consentContact: boolean; }'.
components/ContactSection.vue(219,13): error TS2339: Property 'kontakt' does not exist on type '{ vorname: string; nachname: string; consentPrivacy: boolean; consentContact: boolean; }'.
components/ContactSection.vue(221,35): error TS2339: Property 'kontakt' does not exist on type '{ vorname: string; nachname: string; consentPrivacy: boolean; consentContact: boolean; }'.
components/ContactSection.vue(224,13): error TS2339: Property 'leistung' does not exist on type '{ vorname: string; nachname: string; consentPrivacy: boolean; consentContact: boolean; }'.
components/ContactSection.vue(227,13): error TS2339: Property 'beschreibung' does not exist on type '{ vorname: string; nachname: string; consentPrivacy: boolean; consentContact: boolean; }'.
components/ContactSection.vue(250,10): error TS2339: Property 'kontakt' does not exist on type '{ vorname: string; nachname: string; consentPrivacy: boolean; consentContact: boolean; }'.
components/ContactSection.vue(251,10): error TS2339: Property 'leistung' does not exist on type '{ vorname: string; nachname: string; consentPrivacy: boolean; consentContact: boolean; }'.
components/ContactSection.vue(252,10): error TS2339: Property 'beschreibung' does not exist on type '{ vorname: string; nachname: string; consentPrivacy: boolean; consentContact: boolean; }'.
components/ContactSection.vue(270,23): error TS2339: Property 'kontakt' does not exist on type '{ vorname: string; nachname: string; consentPrivacy: boolean; consentContact: boolean; }'.
components/ContactSection.vue(271,24): error TS2339: Property 'leistung' does not exist on type '{ vorname: string; nachname: string; consentPrivacy: boolean; consentContact: boolean; }'.
components/ContactSection.vue(272,28): error TS2339: Property 'beschreibung' does not exist on type '{ vorname: string; nachname: string; consentPrivacy: boolean; consentContact: boolean; }'.
components/GallerySection.vue(173,61): error TS2339: Property 'length' does not exist on type 'ComputedRef<any[]>'.
components/GallerySection.vue(173,80): error TS2339: Property 'length' does not exist on type 'ComputedRef<any[]>'.
components/GallerySection.vue(178,62): error TS2339: Property 'length' does not exist on type 'ComputedRef<any[]>'.
nuxt.config.ts(22,5): error TS2353: Object literal may only specify known properties, and 'headers' does not exist in type 'NitroConfig'.
nuxt.config.ts(60,5): error TS2322: Type '{ contentClass: string; }' is not assignable to type 'boolean | undefined'.
server/api/data/delete.delete.ts(21,17): error TS18047: 'record' is possibly 'null'.
server/api/data/delete.delete.ts(21,24): error TS2339: Property 'kontakt' does not exist on type 'string | number | boolean | object'.
  Property 'kontakt' does not exist on type 'string'.
server/api/data/delete.delete.ts(22,17): error TS18047: 'record' is possibly 'null'.
server/api/data/delete.delete.ts(22,24): error TS2339: Property 'kontakt' does not exist on type 'string | number | boolean | object'.
  Property 'kontakt' does not exist on type 'string'.
server/api/data/delete.delete.ts(25,70): error TS18047: 'record' is possibly 'null'.
server/api/data/delete.delete.ts(25,77): error TS2339: Property 'kontakt' does not exist on type 'string | number | boolean | object'.
  Property 'kontakt' does not exist on type 'string'.
server/api/data/export.get.ts(21,17): error TS18047: 'record' is possibly 'null'.
server/api/data/export.get.ts(21,24): error TS2339: Property 'kontakt' does not exist on type 'string | number | boolean | object'.
  Property 'kontakt' does not exist on type 'string'.
server/api/data/export.get.ts(22,17): error TS18047: 'record' is possibly 'null'.
server/api/data/export.get.ts(22,24): error TS2339: Property 'kontakt' does not exist on type 'string | number | boolean | object'.
  Property 'kontakt' does not exist on type 'string'.
server/api/data/export.get.ts(25,13): error TS18047: 'record' is possibly 'null'.
server/api/data/export.get.ts(25,20): error TS2339: Property 'id' does not exist on type 'string | number | boolean | object'.
  Property 'id' does not exist on type 'string'.
server/api/data/export.get.ts(26,18): error TS18047: 'record' is possibly 'null'.
server/api/data/export.get.ts(26,25): error TS2339: Property 'vorname' does not exist on type 'string | number | boolean | object'.
  Property 'vorname' does not exist on type 'string'.
server/api/data/export.get.ts(27,19): error TS18047: 'record' is possibly 'null'.
server/api/data/export.get.ts(27,26): error TS2339: Property 'nachname' does not exist on type 'string | number | boolean | object'.
  Property 'nachname' does not exist on type 'string'.
server/api/data/export.get.ts(28,18): error TS18047: 'record' is possibly 'null'.
server/api/data/export.get.ts(28,25): error TS2339: Property 'kontakt' does not exist on type 'string | number | boolean | object'.
  Property 'kontakt' does not exist on type 'string'.
server/api/data/export.get.ts(29,19): error TS18047: 'record' is possibly 'null'.
server/api/data/export.get.ts(29,26): error TS2339: Property 'leistung' does not exist on type 'string | number | boolean | object'.
  Property 'leistung' does not exist on type 'string'.
server/api/data/export.get.ts(30,23): error TS18047: 'record' is possibly 'null'.
server/api/data/export.get.ts(30,30): error TS2339: Property 'beschreibung' does not exist on type 'string | number | boolean | object'.
  Property 'beschreibung' does not exist on type 'string'.
server/api/data/export.get.ts(31,25): error TS18047: 'record' is possibly 'null'.
server/api/data/export.get.ts(31,32): error TS2339: Property 'consentPrivacy' does not exist on type 'string | number | boolean | object'.
  Property 'consentPrivacy' does not exist on type 'string'.
server/api/data/export.get.ts(32,25): error TS18047: 'record' is possibly 'null'.
server/api/data/export.get.ts(32,32): error TS2339: Property 'consentContact' does not exist on type 'string | number | boolean | object'.
  Property 'consentContact' does not exist on type 'string'.
server/api/data/export.get.ts(33,20): error TS18047: 'record' is possibly 'null'.
server/api/data/export.get.ts(33,27): error TS2339: Property 'createdAt' does not exist on type 'string | number | boolean | object'.
  Property 'createdAt' does not exist on type 'string'.
server/api/data/export.get.ts(34,29): error TS18047: 'record' is possibly 'null'.
server/api/data/export.get.ts(34,36): error TS2339: Property 'dataRetentionUntil' does not exist on type 'string | number | boolean | object'.
  Property 'dataRetentionUntil' does not exist on type 'string'.
node.exe : 
At line:1 char:1
+ & "C:\Program Files\nodejs/node.exe" "C:\Program Files\nodejs/node_mo ...
+ ~~~~~~~~~~~~~~~~~~~~~~~~~~~~~~~~~~~~~~~~~~~~~~~~~~~~~~~~~~~~~~~~~~~~~
    + CategoryInfo          : NotSpecified: (:String) [], RemoteException
    + FullyQualifiedErrorId : NativeCommandError
 
[41m[30m ERROR [39m[49m Process exited with non-zero status (2)

    [90mat [39mV._waitForOutput 
([36m/C:/Users/mehme/Desktop/ybgipser/node_modules/tinyexec/dist/main.mjs:584:92[39m)
    [90mat [39mprocess.processTicksAndRejections ([36mnode:internal/process/task_queues:103:5[39m)
    [90mat [39masync Object.run 
([36m/C:/Users/mehme/Desktop/ybgipser/node_modules/@nuxt/cli/dist/typecheck-DzNAMeid.mjs:66:3[39m)
    [90mat [39masync runCommand ([36m/C:/Users/mehme/Desktop/ybgipser/node_modules/citty/dist/index.mjs:228:47[39m)
    [90mat [39masync runCommand ([36m/C:/Users/mehme/Desktop/ybgipser/node_modules/citty/dist/index.mjs:217:5[39m)
    [90mat [39masync runMain ([36m/C:/Users/mehme/Desktop/ybgipser/node_modules/citty/dist/index.mjs:394:10[39m) 


